--------------------------------------------------------------------------------
Release 14.7 Trace  (nt64)
Copyright (c) 1995-2013 Xilinx, Inc.  All rights reserved.

D:\Programs\14.7\ISE_DS\ISE\bin\nt64\unwrapped\trce.exe -intstyle ise -o
mojo_top_0.twr -v 30 -l 30 mojo_top_0_routed.ncd mojo_top_0.pcf

Design file:              mojo_top_0_routed.ncd
Physical constraint file: mojo_top_0.pcf
Device,package,speed:     xc6slx9,tqg144,C,-2 (PRODUCTION 1.23 2013-10-13)
Report level:             verbose report, limited to 30 items per constraint

Environment Variable      Effect 
--------------------      ------ 
NONE                      No environment variables were set
--------------------------------------------------------------------------------

INFO:Timing:2698 - No timing constraints found, doing default enumeration.
INFO:Timing:3412 - To improve timing, see the Timing Closure User Guide (UG612).
INFO:Timing:2752 - To get complete path coverage, use the unconstrained paths 
   option. All paths that are not constrained will be reported in the 
   unconstrained paths section(s) of the report.
INFO:Timing:3339 - The clock-to-out numbers in this timing report are based on 
   a 50 Ohm transmission line loading model.  For the details of this model, 
   and for more information on accounting for different loading conditions, 
   please see the device datasheet.



Data Sheet report:
-----------------
All values displayed in nanoseconds (ns)

Pad to Pad
---------------+---------------+---------+
Source Pad     |Destination Pad|  Delay  |
---------------+---------------+---------+
io_dip[0]      |io_led[0]      |   17.146|
io_dip[0]      |io_led[1]      |   18.495|
io_dip[0]      |io_led[2]      |   16.644|
io_dip[0]      |io_led[3]      |   17.321|
io_dip[0]      |io_led[4]      |   17.158|
io_dip[0]      |io_led[5]      |   17.229|
io_dip[0]      |io_led[6]      |   16.958|
io_dip[0]      |io_led[7]      |   16.965|
io_dip[1]      |io_led[0]      |   18.999|
io_dip[1]      |io_led[1]      |   20.348|
io_dip[1]      |io_led[2]      |   18.497|
io_dip[1]      |io_led[3]      |   19.174|
io_dip[1]      |io_led[4]      |   19.011|
io_dip[1]      |io_led[5]      |   19.082|
io_dip[1]      |io_led[6]      |   18.811|
io_dip[1]      |io_led[7]      |   18.818|
io_dip[2]      |io_led[0]      |   17.474|
io_dip[2]      |io_led[1]      |   18.823|
io_dip[2]      |io_led[2]      |   16.972|
io_dip[2]      |io_led[3]      |   17.649|
io_dip[2]      |io_led[4]      |   17.486|
io_dip[2]      |io_led[5]      |   17.557|
io_dip[2]      |io_led[6]      |   17.286|
io_dip[2]      |io_led[7]      |   17.293|
io_dip[3]      |io_led[0]      |   17.510|
io_dip[3]      |io_led[1]      |   18.859|
io_dip[3]      |io_led[2]      |   17.008|
io_dip[3]      |io_led[3]      |   17.685|
io_dip[3]      |io_led[4]      |   17.522|
io_dip[3]      |io_led[5]      |   17.593|
io_dip[3]      |io_led[6]      |   17.322|
io_dip[3]      |io_led[7]      |   17.329|
io_dip[4]      |io_led[0]      |   17.248|
io_dip[4]      |io_led[1]      |   18.597|
io_dip[4]      |io_led[2]      |   16.746|
io_dip[4]      |io_led[3]      |   17.423|
io_dip[4]      |io_led[4]      |   17.260|
io_dip[4]      |io_led[5]      |   17.331|
io_dip[4]      |io_led[6]      |   17.060|
io_dip[4]      |io_led[7]      |   17.067|
io_dip[5]      |io_led[0]      |   17.210|
io_dip[5]      |io_led[1]      |   18.559|
io_dip[5]      |io_led[2]      |   16.708|
io_dip[5]      |io_led[3]      |   17.385|
io_dip[5]      |io_led[4]      |   17.222|
io_dip[5]      |io_led[5]      |   17.293|
io_dip[5]      |io_led[6]      |   17.022|
io_dip[5]      |io_led[7]      |   17.029|
io_dip[6]      |io_led[0]      |   17.325|
io_dip[6]      |io_led[1]      |   18.674|
io_dip[6]      |io_led[2]      |   16.823|
io_dip[6]      |io_led[3]      |   17.500|
io_dip[6]      |io_led[4]      |   17.337|
io_dip[6]      |io_led[5]      |   17.408|
io_dip[6]      |io_led[6]      |   17.137|
io_dip[6]      |io_led[7]      |   17.144|
io_dip[7]      |io_led[0]      |   17.374|
io_dip[7]      |io_led[1]      |   18.723|
io_dip[7]      |io_led[2]      |   16.872|
io_dip[7]      |io_led[3]      |   17.549|
io_dip[7]      |io_led[4]      |   17.386|
io_dip[7]      |io_led[5]      |   17.457|
io_dip[7]      |io_led[6]      |   17.186|
io_dip[7]      |io_led[7]      |   17.193|
io_dip[8]      |io_led[0]      |   18.192|
io_dip[8]      |io_led[1]      |   19.541|
io_dip[8]      |io_led[2]      |   17.690|
io_dip[8]      |io_led[3]      |   18.367|
io_dip[8]      |io_led[4]      |   18.204|
io_dip[8]      |io_led[5]      |   18.275|
io_dip[8]      |io_led[6]      |   18.004|
io_dip[8]      |io_led[7]      |   18.011|
io_dip[9]      |io_led[0]      |   17.934|
io_dip[9]      |io_led[1]      |   19.283|
io_dip[9]      |io_led[2]      |   17.432|
io_dip[9]      |io_led[3]      |   18.109|
io_dip[9]      |io_led[4]      |   17.946|
io_dip[9]      |io_led[5]      |   18.017|
io_dip[9]      |io_led[6]      |   17.746|
io_dip[9]      |io_led[7]      |   17.753|
io_dip[10]     |io_led[0]      |   18.396|
io_dip[10]     |io_led[1]      |   19.745|
io_dip[10]     |io_led[2]      |   17.894|
io_dip[10]     |io_led[3]      |   18.571|
io_dip[10]     |io_led[4]      |   18.408|
io_dip[10]     |io_led[5]      |   18.479|
io_dip[10]     |io_led[6]      |   18.208|
io_dip[10]     |io_led[7]      |   18.215|
io_dip[11]     |io_led[0]      |   18.462|
io_dip[11]     |io_led[1]      |   19.811|
io_dip[11]     |io_led[2]      |   17.960|
io_dip[11]     |io_led[3]      |   18.637|
io_dip[11]     |io_led[4]      |   18.474|
io_dip[11]     |io_led[5]      |   18.545|
io_dip[11]     |io_led[6]      |   18.274|
io_dip[11]     |io_led[7]      |   18.281|
io_dip[12]     |io_led[0]      |   17.921|
io_dip[12]     |io_led[1]      |   19.270|
io_dip[12]     |io_led[2]      |   17.419|
io_dip[12]     |io_led[3]      |   18.096|
io_dip[12]     |io_led[4]      |   17.933|
io_dip[12]     |io_led[5]      |   18.004|
io_dip[12]     |io_led[6]      |   17.733|
io_dip[12]     |io_led[7]      |   17.740|
io_dip[13]     |io_led[0]      |   17.702|
io_dip[13]     |io_led[1]      |   19.051|
io_dip[13]     |io_led[2]      |   17.200|
io_dip[13]     |io_led[3]      |   17.877|
io_dip[13]     |io_led[4]      |   17.714|
io_dip[13]     |io_led[5]      |   17.785|
io_dip[13]     |io_led[6]      |   17.514|
io_dip[13]     |io_led[7]      |   17.521|
io_dip[14]     |io_led[0]      |   18.021|
io_dip[14]     |io_led[1]      |   19.370|
io_dip[14]     |io_led[2]      |   17.519|
io_dip[14]     |io_led[3]      |   18.196|
io_dip[14]     |io_led[4]      |   18.033|
io_dip[14]     |io_led[5]      |   18.104|
io_dip[14]     |io_led[6]      |   17.833|
io_dip[14]     |io_led[7]      |   17.840|
io_dip[15]     |io_led[0]      |   17.259|
io_dip[15]     |io_led[1]      |   18.608|
io_dip[15]     |io_led[2]      |   16.757|
io_dip[15]     |io_led[3]      |   17.434|
io_dip[15]     |io_led[4]      |   17.271|
io_dip[15]     |io_led[5]      |   17.342|
io_dip[15]     |io_led[6]      |   17.071|
io_dip[15]     |io_led[7]      |   17.078|
io_dip[16]     |io_led[0]      |   16.768|
io_dip[16]     |io_led[1]      |   15.325|
io_dip[16]     |io_led[2]      |   15.963|
io_dip[16]     |io_led[3]      |   17.176|
io_dip[16]     |io_led[4]      |   16.667|
io_dip[16]     |io_led[5]      |   16.299|
io_dip[16]     |io_led[6]      |   15.849|
io_dip[16]     |io_led[7]      |   14.812|
io_dip[17]     |io_led[0]      |   15.120|
io_dip[17]     |io_led[1]      |   15.168|
io_dip[17]     |io_led[2]      |   15.012|
io_dip[17]     |io_led[3]      |   15.312|
io_dip[17]     |io_led[4]      |   15.974|
io_dip[17]     |io_led[5]      |   15.606|
io_dip[17]     |io_led[6]      |   15.156|
io_dip[17]     |io_led[7]      |   11.932|
io_dip[18]     |io_led[0]      |   14.719|
io_dip[18]     |io_led[1]      |   14.688|
io_dip[18]     |io_led[2]      |   13.742|
io_dip[18]     |io_led[3]      |   14.114|
io_dip[18]     |io_led[4]      |   14.153|
io_dip[18]     |io_led[5]      |   14.307|
io_dip[18]     |io_led[6]      |   14.036|
io_dip[18]     |io_led[7]      |   13.068|
io_dip[19]     |io_led[0]      |   14.154|
io_dip[19]     |io_led[1]      |   14.588|
io_dip[19]     |io_led[2]      |   13.874|
io_dip[19]     |io_led[3]      |   14.077|
io_dip[19]     |io_led[4]      |   14.171|
io_dip[19]     |io_led[5]      |   14.331|
io_dip[19]     |io_led[6]      |   14.390|
io_dip[19]     |io_led[7]      |   13.404|
io_dip[20]     |io_led[0]      |   16.661|
io_dip[20]     |io_led[1]      |   15.453|
io_dip[20]     |io_led[2]      |   16.328|
io_dip[20]     |io_led[3]      |   16.725|
io_dip[20]     |io_led[4]      |   17.520|
io_dip[20]     |io_led[5]      |   17.152|
io_dip[20]     |io_led[6]      |   16.702|
io_dip[20]     |io_led[7]      |   14.796|
io_dip[21]     |io_led[0]      |   16.575|
io_dip[21]     |io_led[1]      |   14.887|
io_dip[21]     |io_led[2]      |   15.762|
io_dip[21]     |io_led[3]      |   16.159|
io_dip[21]     |io_led[4]      |   16.954|
io_dip[21]     |io_led[5]      |   16.586|
io_dip[21]     |io_led[6]      |   16.136|
io_dip[21]     |io_led[7]      |   14.710|
io_dip[22]     |io_led[0]      |   16.880|
io_dip[22]     |io_led[1]      |   15.426|
io_dip[22]     |io_led[2]      |   16.301|
io_dip[22]     |io_led[3]      |   16.698|
io_dip[22]     |io_led[4]      |   17.493|
io_dip[22]     |io_led[5]      |   17.125|
io_dip[22]     |io_led[6]      |   16.675|
io_dip[22]     |io_led[7]      |   15.015|
---------------+---------------+---------+


Analysis completed Thu Oct 20 21:49:18 2016 
--------------------------------------------------------------------------------

Trace Settings:
-------------------------
Trace Settings 

Peak Memory Usage: 219 MB



